<?xml version="1.0" encoding="utf-8" ?>
<result>
	<row>
		<label>DAI2784</label>
		<revenue>324202</revenue>
		<quantity>173</quantity>
		<orders>88</orders>
		<nb_visits>0</nb_visits>
		<nb_actions>88</nb_actions>
		<avg_price>85.18</avg_price>
		<avg_quantity>2</avg_quantity>
		<conversion_rate>0%</conversion_rate>
	</row>
	<row>
		<label>DAI0285</label>
		<revenue>309084</revenue>
		<quantity>129</quantity>
		<orders>71</orders>
		<nb_visits>0</nb_visits>
		<nb_actions>71</nb_actions>
		<avg_price>101.24</avg_price>
		<avg_quantity>1.8</avg_quantity>
		<conversion_rate>0%</conversion_rate>
	</row>
	<row>
		<label>DAI7456</label>
		<revenue>260122</revenue>
		<quantity>166</quantity>
		<orders>88</orders>
		<nb_visits>0</nb_visits>
		<nb_actions>88</nb_actions>
		<avg_price>71.23</avg_price>
		<avg_quantity>1.9</avg_quantity>
		<conversion_rate>0%</conversion_rate>
	</row>
	<row>
		<label>DAI6503</label>
		<revenue>255189</revenue>
		<quantity>121</quantity>
		<orders>69</orders>
		<nb_visits>0</nb_visits>
		<nb_actions>69</nb_actions>
		<avg_price>122.26</avg_price>
		<avg_quantity>1.8</avg_quantity>
		<conversion_rate>0%</conversion_rate>
	</row>
	<row>
		<label>DAI0663</label>
		<revenue>227305</revenue>
		<quantity>169</quantity>
		<orders>92</orders>
		<nb_visits>0</nb_visits>
		<nb_actions>92</nb_actions>
		<avg_price>58.48</avg_price>
		<avg_quantity>1.8</avg_quantity>
		<conversion_rate>0%</conversion_rate>
	</row>
	<row>
		<label>DAI8832</label>
		<revenue>187630</revenue>
		<quantity>145</quantity>
		<orders>81</orders>
		<nb_visits>0</nb_visits>
		<nb_actions>81</nb_actions>
		<avg_price>47.93</avg_price>
		<avg_quantity>1.8</avg_quantity>
		<conversion_rate>0%</conversion_rate>
	</row>
	<row>
		<label>DAI6406</label>
		<revenue>136206</revenue>
		<quantity>138</quantity>
		<orders>80</orders>
		<nb_visits>0</nb_visits>
		<nb_actions>80</nb_actions>
		<avg_price>49.35</avg_price>
		<avg_quantity>1.7</avg_quantity>
		<conversion_rate>0%</conversion_rate>
	</row>
	<row>
		<label>DAI7474</label>
		<revenue>116667</revenue>
		<quantity>149</quantity>
		<orders>79</orders>
		<nb_visits>0</nb_visits>
		<nb_actions>79</nb_actions>
		<avg_price>39.65</avg_price>
		<avg_quantity>1.9</avg_quantity>
		<conversion_rate>0%</conversion_rate>
	</row>
	<row>
		<label>DAI4293</label>
		<revenue>57768</revenue>
		<quantity>166</quantity>
		<orders>91</orders>
		<nb_visits>0</nb_visits>
		<nb_actions>91</nb_actions>
		<avg_price>15.3</avg_price>
		<avg_quantity>1.8</avg_quantity>
		<conversion_rate>0%</conversion_rate>
	</row>
	<row>
		<label>DAI0921</label>
		<revenue>1070</revenue>
		<quantity>107</quantity>
		<orders>65</orders>
		<nb_visits>0</nb_visits>
		<nb_actions>65</nb_actions>
		<avg_price>0.46</avg_price>
		<avg_quantity>1.6</avg_quantity>
		<conversion_rate>0%</conversion_rate>
	</row>
</result>