<?xml version="1.0" encoding="utf-8" ?>
<result>
	<row>
		<label>Android</label>
		<nb_visits>322</nb_visits>
		<nb_actions>1116</nb_actions>
		<sum_visit_length>14306</sum_visit_length>
		<bounce_count>84</bounce_count>
		<nb_visits_converted>93</nb_visits_converted>
		<nb_conversions>194</nb_conversions>
		<revenue>890842</revenue>
		<goals>
			<row idgoal='1'>
				<nb_conversions>47</nb_conversions>
				<revenue>0</revenue>
				<nb_visits_converted>40</nb_visits_converted>
			</row>
			<row idgoal='2'>
				<nb_conversions>45</nb_conversions>
				<revenue>0</revenue>
				<nb_visits_converted>42</nb_visits_converted>
			</row>
			<row idgoal='3'>
				<nb_conversions>4</nb_conversions>
				<revenue>0</revenue>
				<nb_visits_converted>3</nb_visits_converted>
			</row>
			<row idgoal='4'>
				<nb_conversions>0</nb_conversions>
				<revenue>0</revenue>
				<nb_visits_converted>0</nb_visits_converted>
			</row>
			<row idgoal='5'>
				<nb_conversions>0</nb_conversions>
				<revenue>0</revenue>
				<nb_visits_converted>0</nb_visits_converted>
			</row>
			<row idgoal='ecommerceOrder'>
				<nb_conversions>98</nb_conversions>
				<revenue>890842</revenue>
				<items>673</items>
			</row>
		</goals>
		<sum_daily_nb_uniq_visitors>254</sum_daily_nb_uniq_visitors>
		<logo>plugins/Morpheus/icons/dist/os/AND.png</logo>
	</row>
	<row>
		<label>Windows</label>
		<nb_visits>279</nb_visits>
		<nb_actions>972</nb_actions>
		<sum_visit_length>9853</sum_visit_length>
		<bounce_count>70</bounce_count>
		<nb_visits_converted>78</nb_visits_converted>
		<nb_conversions>167</nb_conversions>
		<revenue>782791</revenue>
		<goals>
			<row idgoal='1'>
				<nb_conversions>40</nb_conversions>
				<revenue>0</revenue>
				<nb_visits_converted>36</nb_visits_converted>
			</row>
			<row idgoal='2'>
				<nb_conversions>38</nb_conversions>
				<revenue>0</revenue>
				<nb_visits_converted>33</nb_visits_converted>
			</row>
			<row idgoal='3'>
				<nb_conversions>2</nb_conversions>
				<revenue>0</revenue>
				<nb_visits_converted>2</nb_visits_converted>
			</row>
			<row idgoal='4'>
				<nb_conversions>0</nb_conversions>
				<revenue>0</revenue>
				<nb_visits_converted>0</nb_visits_converted>
			</row>
			<row idgoal='5'>
				<nb_conversions>0</nb_conversions>
				<revenue>0</revenue>
				<nb_visits_converted>0</nb_visits_converted>
			</row>
			<row idgoal='ecommerceOrder'>
				<nb_conversions>87</nb_conversions>
				<revenue>782791</revenue>
				<items>591</items>
			</row>
		</goals>
		<sum_daily_nb_uniq_visitors>202</sum_daily_nb_uniq_visitors>
		<max_actions>2</max_actions>
		<sum_daily_nb_users>0</sum_daily_nb_users>
		<logo>plugins/Morpheus/icons/dist/os/WIN.png</logo>
	</row>
	<row>
		<label>GNU/Linux</label>
		<nb_visits>89</nb_visits>
		<nb_actions>334</nb_actions>
		<sum_visit_length>2068</sum_visit_length>
		<bounce_count>13</bounce_count>
		<nb_visits_converted>30</nb_visits_converted>
		<nb_conversions>66</nb_conversions>
		<revenue>281303</revenue>
		<goals>
			<row idgoal='1'>
				<nb_conversions>21</nb_conversions>
				<revenue>0</revenue>
				<nb_visits_converted>20</nb_visits_converted>
			</row>
			<row idgoal='2'>
				<nb_conversions>11</nb_conversions>
				<revenue>0</revenue>
				<nb_visits_converted>10</nb_visits_converted>
			</row>
			<row idgoal='3'>
				<nb_conversions>0</nb_conversions>
				<revenue>0</revenue>
				<nb_visits_converted>0</nb_visits_converted>
			</row>
			<row idgoal='4'>
				<nb_conversions>0</nb_conversions>
				<revenue>0</revenue>
				<nb_visits_converted>0</nb_visits_converted>
			</row>
			<row idgoal='5'>
				<nb_conversions>0</nb_conversions>
				<revenue>0</revenue>
				<nb_visits_converted>0</nb_visits_converted>
			</row>
			<row idgoal='ecommerceOrder'>
				<nb_conversions>34</nb_conversions>
				<revenue>281303</revenue>
				<items>199</items>
			</row>
		</goals>
		<sum_daily_nb_uniq_visitors>68</sum_daily_nb_uniq_visitors>
		<logo>plugins/Morpheus/icons/dist/os/LIN.png</logo>
	</row>
	<row>
		<label>iOS</label>
		<nb_visits>15</nb_visits>
		<nb_actions>35</nb_actions>
		<sum_visit_length>7161</sum_visit_length>
		<bounce_count>10</bounce_count>
		<nb_visits_converted>3</nb_visits_converted>
		<nb_conversions>4</nb_conversions>
		<revenue>0</revenue>
		<goals>
			<row idgoal='1'>
				<nb_conversions>0</nb_conversions>
				<revenue>0</revenue>
				<nb_visits_converted>0</nb_visits_converted>
			</row>
			<row idgoal='2'>
				<nb_conversions>0</nb_conversions>
				<revenue>0</revenue>
				<nb_visits_converted>0</nb_visits_converted>
			</row>
			<row idgoal='3'>
				<nb_conversions>4</nb_conversions>
				<revenue>0</revenue>
				<nb_visits_converted>3</nb_visits_converted>
			</row>
			<row idgoal='4'>
				<nb_conversions>0</nb_conversions>
				<revenue>0</revenue>
				<nb_visits_converted>0</nb_visits_converted>
			</row>
			<row idgoal='5'>
				<nb_conversions>0</nb_conversions>
				<revenue>0</revenue>
				<nb_visits_converted>0</nb_visits_converted>
			</row>
			<row idgoal='ecommerceOrder'>
				<nb_conversions>0</nb_conversions>
				<revenue>0</revenue>
				<items>0</items>
			</row>
		</goals>
		<sum_daily_nb_uniq_visitors>14</sum_daily_nb_uniq_visitors>
		<logo>plugins/Morpheus/icons/dist/os/IOS.png</logo>
	</row>
	<row>
		<label>Mac</label>
		<nb_visits>4</nb_visits>
		<nb_actions>5</nb_actions>
		<sum_visit_length>151</sum_visit_length>
		<bounce_count>3</bounce_count>
		<nb_visits_converted>0</nb_visits_converted>
		<nb_conversions>0</nb_conversions>
		<revenue>0</revenue>
		<goals>
			<row idgoal='1'>
				<nb_conversions>0</nb_conversions>
				<revenue>0</revenue>
				<nb_visits_converted>0</nb_visits_converted>
			</row>
			<row idgoal='2'>
				<nb_conversions>0</nb_conversions>
				<revenue>0</revenue>
				<nb_visits_converted>0</nb_visits_converted>
			</row>
			<row idgoal='3'>
				<nb_conversions>0</nb_conversions>
				<revenue>0</revenue>
				<nb_visits_converted>0</nb_visits_converted>
			</row>
			<row idgoal='4'>
				<nb_conversions>0</nb_conversions>
				<revenue>0</revenue>
				<nb_visits_converted>0</nb_visits_converted>
			</row>
			<row idgoal='5'>
				<nb_conversions>0</nb_conversions>
				<revenue>0</revenue>
				<nb_visits_converted>0</nb_visits_converted>
			</row>
			<row idgoal='ecommerceOrder'>
				<nb_conversions>0</nb_conversions>
				<revenue>0</revenue>
				<items>0</items>
			</row>
		</goals>
		<sum_daily_nb_uniq_visitors>4</sum_daily_nb_uniq_visitors>
		<logo>plugins/Morpheus/icons/dist/os/MAC.png</logo>
	</row>
</result>