<?xml version="1.0" encoding="utf-8" ?>
<result>9 hours 18 min</result>