<?xml version="1.0" encoding="utf-8" ?>
<result>
	<row>
		<label>0&#x2013;10s</label>
		<nb_visits>574</nb_visits>
		<nb_actions>1712</nb_actions>
		<sum_visit_length>381</sum_visit_length>
		<bounce_count>180</bounce_count>
		<nb_visits_converted>141</nb_visits_converted>
		<nb_conversions>313</nb_conversions>
		<revenue>1460671</revenue>
		<goals>
			<row idgoal='1'>
				<nb_conversions>79</nb_conversions>
				<revenue>0</revenue>
				<nb_visits_converted>75</nb_visits_converted>
			</row>
			<row idgoal='2'>
				<nb_conversions>66</nb_conversions>
				<revenue>0</revenue>
				<nb_visits_converted>59</nb_visits_converted>
			</row>
			<row idgoal='3'>
				<nb_conversions>0</nb_conversions>
				<revenue>0</revenue>
				<nb_visits_converted>0</nb_visits_converted>
			</row>
			<row idgoal='4'>
				<nb_conversions>0</nb_conversions>
				<revenue>0</revenue>
				<nb_visits_converted>0</nb_visits_converted>
			</row>
			<row idgoal='5'>
				<nb_conversions>0</nb_conversions>
				<revenue>0</revenue>
				<nb_visits_converted>0</nb_visits_converted>
			</row>
			<row idgoal='ecommerceOrder'>
				<nb_conversions>168</nb_conversions>
				<revenue>1460671</revenue>
				<items>1076</items>
			</row>
		</goals>
		<sum_daily_nb_uniq_visitors>305</sum_daily_nb_uniq_visitors>
		<segment>visitDuration&gt;=0;visitDuration&lt;=10</segment>
	</row>
	<row>
		<label>0&#x2013;10s</label>
		<nb_visits>0</nb_visits>
		<segment>visitDuration&gt;=0;visitDuration&lt;=10</segment>
	</row>
	<row>
		<label>11&#x2013;30s</label>
		<nb_visits>20</nb_visits>
		<nb_actions>101</nb_actions>
		<sum_visit_length>375</sum_visit_length>
		<bounce_count>0</bounce_count>
		<nb_visits_converted>10</nb_visits_converted>
		<nb_conversions>17</nb_conversions>
		<revenue>54432</revenue>
		<goals>
			<row idgoal='1'>
				<nb_conversions>4</nb_conversions>
				<revenue>0</revenue>
				<nb_visits_converted>4</nb_visits_converted>
			</row>
			<row idgoal='2'>
				<nb_conversions>6</nb_conversions>
				<revenue>0</revenue>
				<nb_visits_converted>6</nb_visits_converted>
			</row>
			<row idgoal='3'>
				<nb_conversions>0</nb_conversions>
				<revenue>0</revenue>
				<nb_visits_converted>0</nb_visits_converted>
			</row>
			<row idgoal='4'>
				<nb_conversions>0</nb_conversions>
				<revenue>0</revenue>
				<nb_visits_converted>0</nb_visits_converted>
			</row>
			<row idgoal='5'>
				<nb_conversions>0</nb_conversions>
				<revenue>0</revenue>
				<nb_visits_converted>0</nb_visits_converted>
			</row>
			<row idgoal='ecommerceOrder'>
				<nb_conversions>7</nb_conversions>
				<revenue>54432</revenue>
				<items>47</items>
			</row>
		</goals>
		<sum_daily_nb_uniq_visitors>20</sum_daily_nb_uniq_visitors>
		<segment>visitDuration&gt;=11;visitDuration&lt;=30</segment>
	</row>
	<row>
		<label>11&#x2013;30s</label>
		<nb_visits>0</nb_visits>
		<segment>visitDuration&gt;=11;visitDuration&lt;=30</segment>
	</row>
	<row>
		<label>31&#x2013;60s</label>
		<nb_visits>30</nb_visits>
		<nb_actions>159</nb_actions>
		<sum_visit_length>1331</sum_visit_length>
		<bounce_count>0</bounce_count>
		<nb_visits_converted>6</nb_visits_converted>
		<nb_conversions>17</nb_conversions>
		<revenue>126783</revenue>
		<goals>
			<row idgoal='1'>
				<nb_conversions>2</nb_conversions>
				<revenue>0</revenue>
				<nb_visits_converted>2</nb_visits_converted>
			</row>
			<row idgoal='2'>
				<nb_conversions>4</nb_conversions>
				<revenue>0</revenue>
				<nb_visits_converted>4</nb_visits_converted>
			</row>
			<row idgoal='3'>
				<nb_conversions>0</nb_conversions>
				<revenue>0</revenue>
				<nb_visits_converted>0</nb_visits_converted>
			</row>
			<row idgoal='4'>
				<nb_conversions>0</nb_conversions>
				<revenue>0</revenue>
				<nb_visits_converted>0</nb_visits_converted>
			</row>
			<row idgoal='5'>
				<nb_conversions>0</nb_conversions>
				<revenue>0</revenue>
				<nb_visits_converted>0</nb_visits_converted>
			</row>
			<row idgoal='ecommerceOrder'>
				<nb_conversions>11</nb_conversions>
				<revenue>126783</revenue>
				<items>103</items>
			</row>
		</goals>
		<sum_daily_nb_uniq_visitors>30</sum_daily_nb_uniq_visitors>
		<segment>visitDuration&gt;=31;visitDuration&lt;=60</segment>
	</row>
	<row>
		<label>31&#x2013;60s</label>
		<nb_visits>0</nb_visits>
		<segment>visitDuration&gt;=31;visitDuration&lt;=60</segment>
	</row>
	<row>
		<label>1-2 min</label>
		<nb_visits>24</nb_visits>
		<nb_actions>139</nb_actions>
		<sum_visit_length>2141</sum_visit_length>
		<bounce_count>0</bounce_count>
		<nb_visits_converted>9</nb_visits_converted>
		<nb_conversions>20</nb_conversions>
		<revenue>108177</revenue>
		<goals>
			<row idgoal='1'>
				<nb_conversions>4</nb_conversions>
				<revenue>0</revenue>
				<nb_visits_converted>4</nb_visits_converted>
			</row>
			<row idgoal='2'>
				<nb_conversions>5</nb_conversions>
				<revenue>0</revenue>
				<nb_visits_converted>5</nb_visits_converted>
			</row>
			<row idgoal='3'>
				<nb_conversions>0</nb_conversions>
				<revenue>0</revenue>
				<nb_visits_converted>0</nb_visits_converted>
			</row>
			<row idgoal='4'>
				<nb_conversions>0</nb_conversions>
				<revenue>0</revenue>
				<nb_visits_converted>0</nb_visits_converted>
			</row>
			<row idgoal='5'>
				<nb_conversions>0</nb_conversions>
				<revenue>0</revenue>
				<nb_visits_converted>0</nb_visits_converted>
			</row>
			<row idgoal='ecommerceOrder'>
				<nb_conversions>11</nb_conversions>
				<revenue>108177</revenue>
				<items>85</items>
			</row>
		</goals>
		<sum_daily_nb_uniq_visitors>23</sum_daily_nb_uniq_visitors>
		<segment>visitDuration&gt;=60;visitDuration&lt;=120</segment>
	</row>
	<row>
		<label>1-2 min</label>
		<nb_visits>0</nb_visits>
		<segment>visitDuration&gt;=60;visitDuration&lt;=120</segment>
	</row>
	<row>
		<label>2-4 min</label>
		<nb_visits>25</nb_visits>
		<nb_actions>139</nb_actions>
		<sum_visit_length>4234</sum_visit_length>
		<bounce_count>0</bounce_count>
		<nb_visits_converted>13</nb_visits_converted>
		<nb_conversions>23</nb_conversions>
		<revenue>90656</revenue>
		<goals>
			<row idgoal='1'>
				<nb_conversions>9</nb_conversions>
				<revenue>0</revenue>
				<nb_visits_converted>9</nb_visits_converted>
			</row>
			<row idgoal='2'>
				<nb_conversions>4</nb_conversions>
				<revenue>0</revenue>
				<nb_visits_converted>4</nb_visits_converted>
			</row>
			<row idgoal='3'>
				<nb_conversions>0</nb_conversions>
				<revenue>0</revenue>
				<nb_visits_converted>0</nb_visits_converted>
			</row>
			<row idgoal='4'>
				<nb_conversions>0</nb_conversions>
				<revenue>0</revenue>
				<nb_visits_converted>0</nb_visits_converted>
			</row>
			<row idgoal='5'>
				<nb_conversions>0</nb_conversions>
				<revenue>0</revenue>
				<nb_visits_converted>0</nb_visits_converted>
			</row>
			<row idgoal='ecommerceOrder'>
				<nb_conversions>10</nb_conversions>
				<revenue>90656</revenue>
				<items>63</items>
			</row>
		</goals>
		<sum_daily_nb_uniq_visitors>25</sum_daily_nb_uniq_visitors>
		<segment>visitDuration&gt;=120;visitDuration&lt;=240</segment>
	</row>
	<row>
		<label>2-4 min</label>
		<nb_visits>1</nb_visits>
		<segment>visitDuration&gt;=120;visitDuration&lt;=240</segment>
	</row>
	<row>
		<label>4-7 min</label>
		<nb_visits>17</nb_visits>
		<nb_actions>122</nb_actions>
		<sum_visit_length>5339</sum_visit_length>
		<bounce_count>0</bounce_count>
		<nb_visits_converted>12</nb_visits_converted>
		<nb_conversions>22</nb_conversions>
		<revenue>107779</revenue>
		<goals>
			<row idgoal='1'>
				<nb_conversions>8</nb_conversions>
				<revenue>0</revenue>
				<nb_visits_converted>8</nb_visits_converted>
			</row>
			<row idgoal='2'>
				<nb_conversions>4</nb_conversions>
				<revenue>0</revenue>
				<nb_visits_converted>4</nb_visits_converted>
			</row>
			<row idgoal='3'>
				<nb_conversions>0</nb_conversions>
				<revenue>0</revenue>
				<nb_visits_converted>0</nb_visits_converted>
			</row>
			<row idgoal='4'>
				<nb_conversions>0</nb_conversions>
				<revenue>0</revenue>
				<nb_visits_converted>0</nb_visits_converted>
			</row>
			<row idgoal='5'>
				<nb_conversions>0</nb_conversions>
				<revenue>0</revenue>
				<nb_visits_converted>0</nb_visits_converted>
			</row>
			<row idgoal='ecommerceOrder'>
				<nb_conversions>10</nb_conversions>
				<revenue>107779</revenue>
				<items>78</items>
			</row>
		</goals>
		<sum_daily_nb_uniq_visitors>17</sum_daily_nb_uniq_visitors>
		<segment>visitDuration&gt;=240;visitDuration&lt;=420</segment>
	</row>
	<row>
		<label>4-7 min</label>
		<nb_visits>0</nb_visits>
		<segment>visitDuration&gt;=240;visitDuration&lt;=420</segment>
	</row>
	<row>
		<label>7-10 min</label>
		<nb_visits>4</nb_visits>
		<nb_actions>28</nb_actions>
		<sum_visit_length>1970</sum_visit_length>
		<bounce_count>0</bounce_count>
		<nb_visits_converted>3</nb_visits_converted>
		<nb_conversions>5</nb_conversions>
		<revenue>6438</revenue>
		<goals>
			<row idgoal='1'>
				<nb_conversions>0</nb_conversions>
				<revenue>0</revenue>
				<nb_visits_converted>0</nb_visits_converted>
			</row>
			<row idgoal='2'>
				<nb_conversions>3</nb_conversions>
				<revenue>0</revenue>
				<nb_visits_converted>3</nb_visits_converted>
			</row>
			<row idgoal='3'>
				<nb_conversions>0</nb_conversions>
				<revenue>0</revenue>
				<nb_visits_converted>0</nb_visits_converted>
			</row>
			<row idgoal='4'>
				<nb_conversions>0</nb_conversions>
				<revenue>0</revenue>
				<nb_visits_converted>0</nb_visits_converted>
			</row>
			<row idgoal='5'>
				<nb_conversions>0</nb_conversions>
				<revenue>0</revenue>
				<nb_visits_converted>0</nb_visits_converted>
			</row>
			<row idgoal='ecommerceOrder'>
				<nb_conversions>2</nb_conversions>
				<revenue>6438</revenue>
				<items>11</items>
			</row>
		</goals>
		<sum_daily_nb_uniq_visitors>4</sum_daily_nb_uniq_visitors>
		<segment>visitDuration&gt;=420;visitDuration&lt;=600</segment>
	</row>
	<row>
		<label>7-10 min</label>
		<nb_visits>0</nb_visits>
		<segment>visitDuration&gt;=420;visitDuration&lt;=600</segment>
	</row>
	<row>
		<label>10-15 min</label>
		<nb_visits>4</nb_visits>
		<nb_actions>23</nb_actions>
		<sum_visit_length>3134</sum_visit_length>
		<bounce_count>0</bounce_count>
		<nb_visits_converted>3</nb_visits_converted>
		<nb_conversions>3</nb_conversions>
		<revenue>0</revenue>
		<goals>
			<row idgoal='1'>
				<nb_conversions>2</nb_conversions>
				<revenue>0</revenue>
				<nb_visits_converted>2</nb_visits_converted>
			</row>
			<row idgoal='2'>
				<nb_conversions>1</nb_conversions>
				<revenue>0</revenue>
				<nb_visits_converted>1</nb_visits_converted>
			</row>
			<row idgoal='3'>
				<nb_conversions>0</nb_conversions>
				<revenue>0</revenue>
				<nb_visits_converted>0</nb_visits_converted>
			</row>
			<row idgoal='4'>
				<nb_conversions>0</nb_conversions>
				<revenue>0</revenue>
				<nb_visits_converted>0</nb_visits_converted>
			</row>
			<row idgoal='5'>
				<nb_conversions>0</nb_conversions>
				<revenue>0</revenue>
				<nb_visits_converted>0</nb_visits_converted>
			</row>
			<row idgoal='ecommerceOrder'>
				<nb_conversions>0</nb_conversions>
				<revenue>0</revenue>
				<items>0</items>
			</row>
		</goals>
		<sum_daily_nb_uniq_visitors>4</sum_daily_nb_uniq_visitors>
		<segment>visitDuration&gt;=600;visitDuration&lt;=900</segment>
	</row>
	<row>
		<label>10-15 min</label>
		<nb_visits>0</nb_visits>
		<segment>visitDuration&gt;=600;visitDuration&lt;=900</segment>
	</row>
	<row>
		<label>15-30 min</label>
		<nb_visits>9</nb_visits>
		<nb_actions>21</nb_actions>
		<sum_visit_length>12434</sum_visit_length>
		<bounce_count>0</bounce_count>
		<nb_visits_converted>10</nb_visits_converted>
		<nb_conversions>10</nb_conversions>
		<revenue>0</revenue>
		<goals>
			<row idgoal='1'>
				<nb_conversions>0</nb_conversions>
				<revenue>0</revenue>
				<nb_visits_converted>0</nb_visits_converted>
			</row>
			<row idgoal='2'>
				<nb_conversions>1</nb_conversions>
				<revenue>0</revenue>
				<nb_visits_converted>1</nb_visits_converted>
			</row>
			<row idgoal='3'>
				<nb_conversions>9</nb_conversions>
				<revenue>0</revenue>
				<nb_visits_converted>9</nb_visits_converted>
			</row>
			<row idgoal='4'>
				<nb_conversions>0</nb_conversions>
				<revenue>0</revenue>
				<nb_visits_converted>0</nb_visits_converted>
			</row>
			<row idgoal='5'>
				<nb_conversions>0</nb_conversions>
				<revenue>0</revenue>
				<nb_visits_converted>0</nb_visits_converted>
			</row>
			<row idgoal='ecommerceOrder'>
				<nb_conversions>0</nb_conversions>
				<revenue>0</revenue>
				<items>0</items>
			</row>
		</goals>
		<sum_daily_nb_uniq_visitors>9</sum_daily_nb_uniq_visitors>
		<segment>visitDuration&gt;=900;visitDuration&lt;=1800</segment>
	</row>
	<row>
		<label>15-30 min</label>
		<nb_visits>0</nb_visits>
		<segment>visitDuration&gt;=900;visitDuration&lt;=1800</segment>
	</row>
	<row>
		<label>30+ min</label>
		<nb_visits>1</nb_visits>
		<nb_actions>16</nb_actions>
		<sum_visit_length>2078</sum_visit_length>
		<bounce_count>0</bounce_count>
		<nb_visits_converted>1</nb_visits_converted>
		<nb_conversions>1</nb_conversions>
		<revenue>0</revenue>
		<goals>
			<row idgoal='1'>
				<nb_conversions>0</nb_conversions>
				<revenue>0</revenue>
				<nb_visits_converted>0</nb_visits_converted>
			</row>
			<row idgoal='2'>
				<nb_conversions>0</nb_conversions>
				<revenue>0</revenue>
				<nb_visits_converted>0</nb_visits_converted>
			</row>
			<row idgoal='3'>
				<nb_conversions>1</nb_conversions>
				<revenue>0</revenue>
				<nb_visits_converted>1</nb_visits_converted>
			</row>
			<row idgoal='4'>
				<nb_conversions>0</nb_conversions>
				<revenue>0</revenue>
				<nb_visits_converted>0</nb_visits_converted>
			</row>
			<row idgoal='5'>
				<nb_conversions>0</nb_conversions>
				<revenue>0</revenue>
				<nb_visits_converted>0</nb_visits_converted>
			</row>
			<row idgoal='ecommerceOrder'>
				<nb_conversions>0</nb_conversions>
				<revenue>0</revenue>
				<items>0</items>
			</row>
		</goals>
		<sum_daily_nb_uniq_visitors>1</sum_daily_nb_uniq_visitors>
		<segment>visitDuration&gt;=1801</segment>
	</row>
</result>