<?xml version="1.0" encoding="utf-8" ?>
<result>2462</result>