<?xml version="1.0" encoding="utf-8" ?>
<result>
	<row>
		<label>Websites</label>
		<nb_visits>370</nb_visits>
		<nb_actions>1412</nb_actions>
		<sum_visit_length>12001</sum_visit_length>
		<bounce_count>56</bounce_count>
		<nb_visits_converted>121</nb_visits_converted>
		<nb_conversions>269</nb_conversions>
		<revenue>1169791</revenue>
		<goals>
			<row idgoal='1'>
				<nb_conversions>65</nb_conversions>
				<revenue>0</revenue>
				<nb_visits_converted>54</nb_visits_converted>
			</row>
			<row idgoal='2'>
				<nb_conversions>66</nb_conversions>
				<revenue>0</revenue>
				<nb_visits_converted>59</nb_visits_converted>
			</row>
			<row idgoal='3'>
				<nb_conversions>2</nb_conversions>
				<revenue>0</revenue>
				<nb_visits_converted>2</nb_visits_converted>
			</row>
			<row idgoal='4'>
				<nb_conversions>0</nb_conversions>
				<revenue>0</revenue>
				<nb_visits_converted>0</nb_visits_converted>
			</row>
			<row idgoal='5'>
				<nb_conversions>0</nb_conversions>
				<revenue>0</revenue>
				<nb_visits_converted>0</nb_visits_converted>
			</row>
			<row idgoal='ecommerceOrder'>
				<nb_conversions>136</nb_conversions>
				<revenue>1169791</revenue>
				<items>903</items>
			</row>
		</goals>
		<sum_daily_nb_uniq_visitors>249</sum_daily_nb_uniq_visitors>
		<segment>referrerType==website</segment>
		<referrer_type>3</referrer_type>
		<subtable>
			<row>
				<label>divebums.com</label>
				<nb_visits>40</nb_visits>
				<nb_actions>179</nb_actions>
				<sum_visit_length>1719</sum_visit_length>
				<bounce_count>6</bounce_count>
				<nb_visits_converted>17</nb_visits_converted>
				<nb_conversions>36</nb_conversions>
				<revenue>154220</revenue>
				<goals>
					<row idgoal='1'>
						<nb_conversions>6</nb_conversions>
						<revenue>0</revenue>
						<nb_visits_converted>5</nb_visits_converted>
					</row>
					<row idgoal='2'>
						<nb_conversions>13</nb_conversions>
						<revenue>0</revenue>
						<nb_visits_converted>11</nb_visits_converted>
					</row>
					<row idgoal='3'>
						<nb_conversions>0</nb_conversions>
						<revenue>0</revenue>
						<nb_visits_converted>0</nb_visits_converted>
					</row>
					<row idgoal='4'>
						<nb_conversions>0</nb_conversions>
						<revenue>0</revenue>
						<nb_visits_converted>0</nb_visits_converted>
					</row>
					<row idgoal='5'>
						<nb_conversions>0</nb_conversions>
						<revenue>0</revenue>
						<nb_visits_converted>0</nb_visits_converted>
					</row>
					<row idgoal='ecommerceOrder'>
						<nb_conversions>17</nb_conversions>
						<revenue>154220</revenue>
						<items>113</items>
					</row>
				</goals>
				<sum_daily_nb_uniq_visitors>32</sum_daily_nb_uniq_visitors>
			</row>
			<row>
				<label>divein.com</label>
				<nb_visits>56</nb_visits>
				<nb_actions>227</nb_actions>
				<sum_visit_length>2435</sum_visit_length>
				<bounce_count>8</bounce_count>
				<nb_visits_converted>26</nb_visits_converted>
				<nb_conversions>47</nb_conversions>
				<revenue>181078</revenue>
				<goals>
					<row idgoal='1'>
						<nb_conversions>12</nb_conversions>
						<revenue>0</revenue>
						<nb_visits_converted>10</nb_visits_converted>
					</row>
					<row idgoal='2'>
						<nb_conversions>15</nb_conversions>
						<revenue>0</revenue>
						<nb_visits_converted>14</nb_visits_converted>
					</row>
					<row idgoal='3'>
						<nb_conversions>0</nb_conversions>
						<revenue>0</revenue>
						<nb_visits_converted>0</nb_visits_converted>
					</row>
					<row idgoal='4'>
						<nb_conversions>0</nb_conversions>
						<revenue>0</revenue>
						<nb_visits_converted>0</nb_visits_converted>
					</row>
					<row idgoal='5'>
						<nb_conversions>0</nb_conversions>
						<revenue>0</revenue>
						<nb_visits_converted>0</nb_visits_converted>
					</row>
					<row idgoal='ecommerceOrder'>
						<nb_conversions>20</nb_conversions>
						<revenue>181078</revenue>
						<items>143</items>
					</row>
				</goals>
				<sum_daily_nb_uniq_visitors>43</sum_daily_nb_uniq_visitors>
			</row>
			<row>
				<label>emperordivers.com</label>
				<nb_visits>57</nb_visits>
				<nb_actions>208</nb_actions>
				<sum_visit_length>998</sum_visit_length>
				<bounce_count>9</bounce_count>
				<nb_visits_converted>14</nb_visits_converted>
				<nb_conversions>35</nb_conversions>
				<revenue>153543</revenue>
				<goals>
					<row idgoal='1'>
						<nb_conversions>12</nb_conversions>
						<revenue>0</revenue>
						<nb_visits_converted>9</nb_visits_converted>
					</row>
					<row idgoal='2'>
						<nb_conversions>4</nb_conversions>
						<revenue>0</revenue>
						<nb_visits_converted>2</nb_visits_converted>
					</row>
					<row idgoal='3'>
						<nb_conversions>0</nb_conversions>
						<revenue>0</revenue>
						<nb_visits_converted>0</nb_visits_converted>
					</row>
					<row idgoal='4'>
						<nb_conversions>0</nb_conversions>
						<revenue>0</revenue>
						<nb_visits_converted>0</nb_visits_converted>
					</row>
					<row idgoal='5'>
						<nb_conversions>0</nb_conversions>
						<revenue>0</revenue>
						<nb_visits_converted>0</nb_visits_converted>
					</row>
					<row idgoal='ecommerceOrder'>
						<nb_conversions>19</nb_conversions>
						<revenue>153543</revenue>
						<items>125</items>
					</row>
				</goals>
				<sum_daily_nb_uniq_visitors>39</sum_daily_nb_uniq_visitors>
			</row>
			<row>
				<label>google.com</label>
				<nb_visits>113</nb_visits>
				<nb_actions>383</nb_actions>
				<sum_visit_length>4403</sum_visit_length>
				<bounce_count>17</bounce_count>
				<nb_visits_converted>43</nb_visits_converted>
				<nb_conversions>84</nb_conversions>
				<revenue>278690</revenue>
				<goals>
					<row idgoal='1'>
						<nb_conversions>21</nb_conversions>
						<revenue>0</revenue>
						<nb_visits_converted>20</nb_visits_converted>
					</row>
					<row idgoal='2'>
						<nb_conversions>21</nb_conversions>
						<revenue>0</revenue>
						<nb_visits_converted>21</nb_visits_converted>
					</row>
					<row idgoal='3'>
						<nb_conversions>2</nb_conversions>
						<revenue>0</revenue>
						<nb_visits_converted>2</nb_visits_converted>
					</row>
					<row idgoal='4'>
						<nb_conversions>0</nb_conversions>
						<revenue>0</revenue>
						<nb_visits_converted>0</nb_visits_converted>
					</row>
					<row idgoal='5'>
						<nb_conversions>0</nb_conversions>
						<revenue>0</revenue>
						<nb_visits_converted>0</nb_visits_converted>
					</row>
					<row idgoal='ecommerceOrder'>
						<nb_conversions>40</nb_conversions>
						<revenue>278690</revenue>
						<items>229</items>
					</row>
				</goals>
				<sum_daily_nb_uniq_visitors>55</sum_daily_nb_uniq_visitors>
			</row>
			<row>
				<label>oahuscubadiving.com</label>
				<nb_visits>17</nb_visits>
				<nb_actions>62</nb_actions>
				<sum_visit_length>249</sum_visit_length>
				<bounce_count>1</bounce_count>
				<nb_visits_converted>3</nb_visits_converted>
				<nb_conversions>10</nb_conversions>
				<revenue>68559</revenue>
				<goals>
					<row idgoal='1'>
						<nb_conversions>3</nb_conversions>
						<revenue>0</revenue>
						<nb_visits_converted>2</nb_visits_converted>
					</row>
					<row idgoal='2'>
						<nb_conversions>1</nb_conversions>
						<revenue>0</revenue>
						<nb_visits_converted>1</nb_visits_converted>
					</row>
					<row idgoal='3'>
						<nb_conversions>0</nb_conversions>
						<revenue>0</revenue>
						<nb_visits_converted>0</nb_visits_converted>
					</row>
					<row idgoal='4'>
						<nb_conversions>0</nb_conversions>
						<revenue>0</revenue>
						<nb_visits_converted>0</nb_visits_converted>
					</row>
					<row idgoal='5'>
						<nb_conversions>0</nb_conversions>
						<revenue>0</revenue>
						<nb_visits_converted>0</nb_visits_converted>
					</row>
					<row idgoal='ecommerceOrder'>
						<nb_conversions>6</nb_conversions>
						<revenue>68559</revenue>
						<items>49</items>
					</row>
				</goals>
				<sum_daily_nb_uniq_visitors>13</sum_daily_nb_uniq_visitors>
			</row>
			<row>
				<label>phpmyvisites.net</label>
				<nb_visits>1</nb_visits>
				<nb_actions>2</nb_actions>
				<sum_visit_length>44</sum_visit_length>
				<bounce_count>0</bounce_count>
				<nb_visits_converted>0</nb_visits_converted>
				<nb_conversions>0</nb_conversions>
				<revenue>0</revenue>
				<goals>
					<row idgoal='1'>
						<nb_conversions>0</nb_conversions>
						<revenue>0</revenue>
						<nb_visits_converted>0</nb_visits_converted>
					</row>
					<row idgoal='2'>
						<nb_conversions>0</nb_conversions>
						<revenue>0</revenue>
						<nb_visits_converted>0</nb_visits_converted>
					</row>
					<row idgoal='3'>
						<nb_conversions>0</nb_conversions>
						<revenue>0</revenue>
						<nb_visits_converted>0</nb_visits_converted>
					</row>
					<row idgoal='4'>
						<nb_conversions>0</nb_conversions>
						<revenue>0</revenue>
						<nb_visits_converted>0</nb_visits_converted>
					</row>
					<row idgoal='5'>
						<nb_conversions>0</nb_conversions>
						<revenue>0</revenue>
						<nb_visits_converted>0</nb_visits_converted>
					</row>
					<row idgoal='ecommerceOrder'>
						<nb_conversions>0</nb_conversions>
						<revenue>0</revenue>
						<items>0</items>
					</row>
				</goals>
				<sum_daily_nb_uniq_visitors>1</sum_daily_nb_uniq_visitors>
			</row>
			<row>
				<label>qwant.com</label>
				<nb_visits>1</nb_visits>
				<nb_actions>2</nb_actions>
				<sum_visit_length>14</sum_visit_length>
				<bounce_count>0</bounce_count>
				<nb_visits_converted>0</nb_visits_converted>
				<nb_conversions>0</nb_conversions>
				<revenue>0</revenue>
				<goals>
					<row idgoal='1'>
						<nb_conversions>0</nb_conversions>
						<revenue>0</revenue>
						<nb_visits_converted>0</nb_visits_converted>
					</row>
					<row idgoal='2'>
						<nb_conversions>0</nb_conversions>
						<revenue>0</revenue>
						<nb_visits_converted>0</nb_visits_converted>
					</row>
					<row idgoal='3'>
						<nb_conversions>0</nb_conversions>
						<revenue>0</revenue>
						<nb_visits_converted>0</nb_visits_converted>
					</row>
					<row idgoal='4'>
						<nb_conversions>0</nb_conversions>
						<revenue>0</revenue>
						<nb_visits_converted>0</nb_visits_converted>
					</row>
					<row idgoal='5'>
						<nb_conversions>0</nb_conversions>
						<revenue>0</revenue>
						<nb_visits_converted>0</nb_visits_converted>
					</row>
					<row idgoal='ecommerceOrder'>
						<nb_conversions>0</nb_conversions>
						<revenue>0</revenue>
						<items>0</items>
					</row>
				</goals>
				<sum_daily_nb_uniq_visitors>1</sum_daily_nb_uniq_visitors>
			</row>
			<row>
				<label>scubadiverlife.com</label>
				<nb_visits>85</nb_visits>
				<nb_actions>349</nb_actions>
				<sum_visit_length>2139</sum_visit_length>
				<bounce_count>15</bounce_count>
				<nb_visits_converted>18</nb_visits_converted>
				<nb_conversions>57</nb_conversions>
				<revenue>333701</revenue>
				<goals>
					<row idgoal='1'>
						<nb_conversions>11</nb_conversions>
						<revenue>0</revenue>
						<nb_visits_converted>8</nb_visits_converted>
					</row>
					<row idgoal='2'>
						<nb_conversions>12</nb_conversions>
						<revenue>0</revenue>
						<nb_visits_converted>10</nb_visits_converted>
					</row>
					<row idgoal='3'>
						<nb_conversions>0</nb_conversions>
						<revenue>0</revenue>
						<nb_visits_converted>0</nb_visits_converted>
					</row>
					<row idgoal='4'>
						<nb_conversions>0</nb_conversions>
						<revenue>0</revenue>
						<nb_visits_converted>0</nb_visits_converted>
					</row>
					<row idgoal='5'>
						<nb_conversions>0</nb_conversions>
						<revenue>0</revenue>
						<nb_visits_converted>0</nb_visits_converted>
					</row>
					<row idgoal='ecommerceOrder'>
						<nb_conversions>34</nb_conversions>
						<revenue>333701</revenue>
						<items>244</items>
					</row>
				</goals>
				<sum_daily_nb_uniq_visitors>65</sum_daily_nb_uniq_visitors>
			</row>
		</subtable>
	</row>
	<row>
		<label>Social Networks</label>
		<nb_visits>242</nb_visits>
		<nb_actions>901</nb_actions>
		<sum_visit_length>10711</sum_visit_length>
		<bounce_count>57</bounce_count>
		<nb_visits_converted>60</nb_visits_converted>
		<nb_conversions>149</nb_conversions>
		<revenue>780359</revenue>
		<goals>
			<row idgoal='1'>
				<nb_conversions>39</nb_conversions>
				<revenue>0</revenue>
				<nb_visits_converted>30</nb_visits_converted>
			</row>
			<row idgoal='2'>
				<nb_conversions>26</nb_conversions>
				<revenue>0</revenue>
				<nb_visits_converted>23</nb_visits_converted>
			</row>
			<row idgoal='3'>
				<nb_conversions>2</nb_conversions>
				<revenue>0</revenue>
				<nb_visits_converted>1</nb_visits_converted>
			</row>
			<row idgoal='4'>
				<nb_conversions>0</nb_conversions>
				<revenue>0</revenue>
				<nb_visits_converted>0</nb_visits_converted>
			</row>
			<row idgoal='5'>
				<nb_conversions>0</nb_conversions>
				<revenue>0</revenue>
				<nb_visits_converted>0</nb_visits_converted>
			</row>
			<row idgoal='ecommerceOrder'>
				<nb_conversions>82</nb_conversions>
				<revenue>780359</revenue>
				<items>560</items>
			</row>
		</goals>
		<sum_daily_nb_uniq_visitors>166</sum_daily_nb_uniq_visitors>
		<segment>referrerType==social</segment>
		<referrer_type>7</referrer_type>
		<subtable>
			<row>
				<label>Facebook</label>
				<nb_visits>93</nb_visits>
				<nb_actions>282</nb_actions>
				<sum_visit_length>4306</sum_visit_length>
				<bounce_count>30</bounce_count>
				<nb_visits_converted>21</nb_visits_converted>
				<nb_conversions>47</nb_conversions>
				<revenue>219053</revenue>
				<goals>
					<row idgoal='1'>
						<nb_conversions>11</nb_conversions>
						<revenue>0</revenue>
						<nb_visits_converted>9</nb_visits_converted>
					</row>
					<row idgoal='2'>
						<nb_conversions>11</nb_conversions>
						<revenue>0</revenue>
						<nb_visits_converted>11</nb_visits_converted>
					</row>
					<row idgoal='3'>
						<nb_conversions>1</nb_conversions>
						<revenue>0</revenue>
						<nb_visits_converted>0</nb_visits_converted>
					</row>
					<row idgoal='4'>
						<nb_conversions>0</nb_conversions>
						<revenue>0</revenue>
						<nb_visits_converted>0</nb_visits_converted>
					</row>
					<row idgoal='5'>
						<nb_conversions>0</nb_conversions>
						<revenue>0</revenue>
						<nb_visits_converted>0</nb_visits_converted>
					</row>
					<row idgoal='ecommerceOrder'>
						<nb_conversions>24</nb_conversions>
						<revenue>219053</revenue>
						<items>161</items>
					</row>
				</goals>
				<sum_daily_nb_uniq_visitors>63</sum_daily_nb_uniq_visitors>
				<url>facebook.com</url>
				<logo>plugins/Morpheus/icons/dist/socials/facebook.com.png</logo>
			</row>
			<row>
				<label>reddit</label>
				<nb_visits>85</nb_visits>
				<nb_actions>342</nb_actions>
				<sum_visit_length>4180</sum_visit_length>
				<bounce_count>14</bounce_count>
				<nb_visits_converted>24</nb_visits_converted>
				<nb_conversions>55</nb_conversions>
				<revenue>269527</revenue>
				<goals>
					<row idgoal='1'>
						<nb_conversions>17</nb_conversions>
						<revenue>0</revenue>
						<nb_visits_converted>12</nb_visits_converted>
					</row>
					<row idgoal='2'>
						<nb_conversions>10</nb_conversions>
						<revenue>0</revenue>
						<nb_visits_converted>8</nb_visits_converted>
					</row>
					<row idgoal='3'>
						<nb_conversions>1</nb_conversions>
						<revenue>0</revenue>
						<nb_visits_converted>1</nb_visits_converted>
					</row>
					<row idgoal='4'>
						<nb_conversions>0</nb_conversions>
						<revenue>0</revenue>
						<nb_visits_converted>0</nb_visits_converted>
					</row>
					<row idgoal='5'>
						<nb_conversions>0</nb_conversions>
						<revenue>0</revenue>
						<nb_visits_converted>0</nb_visits_converted>
					</row>
					<row idgoal='ecommerceOrder'>
						<nb_conversions>27</nb_conversions>
						<revenue>269527</revenue>
						<items>196</items>
					</row>
				</goals>
				<sum_daily_nb_uniq_visitors>65</sum_daily_nb_uniq_visitors>
				<url>reddit.com</url>
				<logo>plugins/Morpheus/icons/dist/socials/reddit.com.png</logo>
			</row>
			<row>
				<label>Twitter</label>
				<nb_visits>64</nb_visits>
				<nb_actions>277</nb_actions>
				<sum_visit_length>2225</sum_visit_length>
				<bounce_count>13</bounce_count>
				<nb_visits_converted>15</nb_visits_converted>
				<nb_conversions>47</nb_conversions>
				<revenue>291779</revenue>
				<goals>
					<row idgoal='1'>
						<nb_conversions>11</nb_conversions>
						<revenue>0</revenue>
						<nb_visits_converted>9</nb_visits_converted>
					</row>
					<row idgoal='2'>
						<nb_conversions>5</nb_conversions>
						<revenue>0</revenue>
						<nb_visits_converted>4</nb_visits_converted>
					</row>
					<row idgoal='3'>
						<nb_conversions>0</nb_conversions>
						<revenue>0</revenue>
						<nb_visits_converted>0</nb_visits_converted>
					</row>
					<row idgoal='4'>
						<nb_conversions>0</nb_conversions>
						<revenue>0</revenue>
						<nb_visits_converted>0</nb_visits_converted>
					</row>
					<row idgoal='5'>
						<nb_conversions>0</nb_conversions>
						<revenue>0</revenue>
						<nb_visits_converted>0</nb_visits_converted>
					</row>
					<row idgoal='ecommerceOrder'>
						<nb_conversions>31</nb_conversions>
						<revenue>291779</revenue>
						<items>203</items>
					</row>
				</goals>
				<sum_daily_nb_uniq_visitors>38</sum_daily_nb_uniq_visitors>
				<url>twitter.com</url>
				<logo>plugins/Morpheus/icons/dist/socials/twitter.com.png</logo>
			</row>
		</subtable>
	</row>
	<row>
		<label>Direct Entry</label>
		<nb_visits>53</nb_visits>
		<nb_actions>78</nb_actions>
		<sum_visit_length>1891</sum_visit_length>
		<bounce_count>34</bounce_count>
		<nb_visits_converted>6</nb_visits_converted>
		<nb_conversions>9</nb_conversions>
		<revenue>4786</revenue>
		<goals>
			<row idgoal='1'>
				<nb_conversions>4</nb_conversions>
				<revenue>0</revenue>
				<nb_visits_converted>3</nb_visits_converted>
			</row>
			<row idgoal='2'>
				<nb_conversions>3</nb_conversions>
				<revenue>0</revenue>
				<nb_visits_converted>3</nb_visits_converted>
			</row>
			<row idgoal='3'>
				<nb_conversions>1</nb_conversions>
				<revenue>0</revenue>
				<nb_visits_converted>0</nb_visits_converted>
			</row>
			<row idgoal='4'>
				<nb_conversions>0</nb_conversions>
				<revenue>0</revenue>
				<nb_visits_converted>0</nb_visits_converted>
			</row>
			<row idgoal='5'>
				<nb_conversions>0</nb_conversions>
				<revenue>0</revenue>
				<nb_visits_converted>0</nb_visits_converted>
			</row>
			<row idgoal='ecommerceOrder'>
				<nb_conversions>1</nb_conversions>
				<revenue>4786</revenue>
				<items>0</items>
			</row>
		</goals>
		<sum_daily_nb_uniq_visitors>52</sum_daily_nb_uniq_visitors>
		<max_actions>2</max_actions>
		<sum_daily_nb_users>0</sum_daily_nb_users>
		<segment>referrerType==direct</segment>
		<referrer_type>1</referrer_type>
	</row>
	<row>
		<label>Search Engines</label>
		<nb_visits>44</nb_visits>
		<nb_actions>71</nb_actions>
		<sum_visit_length>8936</sum_visit_length>
		<bounce_count>33</bounce_count>
		<nb_visits_converted>3</nb_visits_converted>
		<nb_conversions>5</nb_conversions>
		<revenue>0</revenue>
		<goals>
			<row idgoal='1'>
				<nb_conversions>0</nb_conversions>
				<revenue>0</revenue>
				<nb_visits_converted>0</nb_visits_converted>
			</row>
			<row idgoal='2'>
				<nb_conversions>0</nb_conversions>
				<revenue>0</revenue>
				<nb_visits_converted>0</nb_visits_converted>
			</row>
			<row idgoal='3'>
				<nb_conversions>5</nb_conversions>
				<revenue>0</revenue>
				<nb_visits_converted>3</nb_visits_converted>
			</row>
			<row idgoal='4'>
				<nb_conversions>0</nb_conversions>
				<revenue>0</revenue>
				<nb_visits_converted>0</nb_visits_converted>
			</row>
			<row idgoal='5'>
				<nb_conversions>0</nb_conversions>
				<revenue>0</revenue>
				<nb_visits_converted>0</nb_visits_converted>
			</row>
			<row idgoal='ecommerceOrder'>
				<nb_conversions>0</nb_conversions>
				<revenue>0</revenue>
				<items>0</items>
			</row>
		</goals>
		<sum_daily_nb_uniq_visitors>43</sum_daily_nb_uniq_visitors>
		<segment>referrerType==search</segment>
		<referrer_type>2</referrer_type>
		<subtable>
			<row>
				<label>(not provided)</label>
				<nb_visits>44</nb_visits>
				<nb_actions>71</nb_actions>
				<sum_visit_length>8936</sum_visit_length>
				<bounce_count>33</bounce_count>
				<nb_visits_converted>3</nb_visits_converted>
				<nb_conversions>5</nb_conversions>
				<revenue>0</revenue>
				<goals>
					<row idgoal='1'>
						<nb_conversions>0</nb_conversions>
						<revenue>0</revenue>
						<nb_visits_converted>0</nb_visits_converted>
					</row>
					<row idgoal='2'>
						<nb_conversions>0</nb_conversions>
						<revenue>0</revenue>
						<nb_visits_converted>0</nb_visits_converted>
					</row>
					<row idgoal='3'>
						<nb_conversions>5</nb_conversions>
						<revenue>0</revenue>
						<nb_visits_converted>3</nb_visits_converted>
					</row>
					<row idgoal='4'>
						<nb_conversions>0</nb_conversions>
						<revenue>0</revenue>
						<nb_visits_converted>0</nb_visits_converted>
					</row>
					<row idgoal='5'>
						<nb_conversions>0</nb_conversions>
						<revenue>0</revenue>
						<nb_visits_converted>0</nb_visits_converted>
					</row>
					<row idgoal='ecommerceOrder'>
						<nb_conversions>0</nb_conversions>
						<revenue>0</revenue>
						<items>0</items>
					</row>
				</goals>
				<sum_daily_nb_uniq_visitors>43</sum_daily_nb_uniq_visitors>
			</row>
		</subtable>
	</row>
</result>