<?xml version="1.0" encoding="utf-8" ?>
<result>
	<row>
		<label>Desktop</label>
		<nb_visits>372</nb_visits>
		<nb_actions>1311</nb_actions>
		<sum_visit_length>12072</sum_visit_length>
		<bounce_count>86</bounce_count>
		<nb_visits_converted>112</nb_visits_converted>
		<nb_conversions>234</nb_conversions>
		<revenue>1064094</revenue>
		<goals>
			<row idgoal='1'>
				<nb_conversions>61</nb_conversions>
				<revenue>0</revenue>
				<nb_visits_converted>59</nb_visits_converted>
			</row>
			<row idgoal='2'>
				<nb_conversions>50</nb_conversions>
				<revenue>0</revenue>
				<nb_visits_converted>48</nb_visits_converted>
			</row>
			<row idgoal='3'>
				<nb_conversions>2</nb_conversions>
				<revenue>0</revenue>
				<nb_visits_converted>1</nb_visits_converted>
			</row>
			<row idgoal='4'>
				<nb_conversions>0</nb_conversions>
				<revenue>0</revenue>
				<nb_visits_converted>0</nb_visits_converted>
			</row>
			<row idgoal='5'>
				<nb_conversions>0</nb_conversions>
				<revenue>0</revenue>
				<nb_visits_converted>0</nb_visits_converted>
			</row>
			<row idgoal='ecommerceOrder'>
				<nb_conversions>121</nb_conversions>
				<revenue>1064094</revenue>
				<items>790</items>
			</row>
		</goals>
		<sum_daily_nb_uniq_visitors>161</sum_daily_nb_uniq_visitors>
		<max_actions>2</max_actions>
		<sum_daily_nb_users>0</sum_daily_nb_users>
		<segment>deviceType==desktop</segment>
		<logo>plugins/Morpheus/icons/dist/devices/desktop.png</logo>
	</row>
	<row>
		<label>Smartphone</label>
		<nb_visits>268</nb_visits>
		<nb_actions>911</nb_actions>
		<sum_visit_length>18447</sum_visit_length>
		<bounce_count>80</bounce_count>
		<nb_visits_converted>72</nb_visits_converted>
		<nb_conversions>152</nb_conversions>
		<revenue>723856</revenue>
		<goals>
			<row idgoal='1'>
				<nb_conversions>35</nb_conversions>
				<revenue>0</revenue>
				<nb_visits_converted>33</nb_visits_converted>
			</row>
			<row idgoal='2'>
				<nb_conversions>32</nb_conversions>
				<revenue>0</revenue>
				<nb_visits_converted>30</nb_visits_converted>
			</row>
			<row idgoal='3'>
				<nb_conversions>7</nb_conversions>
				<revenue>0</revenue>
				<nb_visits_converted>3</nb_visits_converted>
			</row>
			<row idgoal='4'>
				<nb_conversions>0</nb_conversions>
				<revenue>0</revenue>
				<nb_visits_converted>0</nb_visits_converted>
			</row>
			<row idgoal='5'>
				<nb_conversions>0</nb_conversions>
				<revenue>0</revenue>
				<nb_visits_converted>0</nb_visits_converted>
			</row>
			<row idgoal='ecommerceOrder'>
				<nb_conversions>78</nb_conversions>
				<revenue>723856</revenue>
				<items>544</items>
			</row>
		</goals>
		<sum_daily_nb_uniq_visitors>144</sum_daily_nb_uniq_visitors>
		<segment>deviceType==smartphone</segment>
		<logo>plugins/Morpheus/icons/dist/devices/smartphone.png</logo>
	</row>
	<row>
		<label>Tablet</label>
		<nb_visits>69</nb_visits>
		<nb_actions>240</nb_actions>
		<sum_visit_length>3020</sum_visit_length>
		<bounce_count>14</bounce_count>
		<nb_visits_converted>24</nb_visits_converted>
		<nb_conversions>46</nb_conversions>
		<revenue>166986</revenue>
		<goals>
			<row idgoal='1'>
				<nb_conversions>12</nb_conversions>
				<revenue>0</revenue>
				<nb_visits_converted>9</nb_visits_converted>
			</row>
			<row idgoal='2'>
				<nb_conversions>13</nb_conversions>
				<revenue>0</revenue>
				<nb_visits_converted>12</nb_visits_converted>
			</row>
			<row idgoal='3'>
				<nb_conversions>1</nb_conversions>
				<revenue>0</revenue>
				<nb_visits_converted>0</nb_visits_converted>
			</row>
			<row idgoal='4'>
				<nb_conversions>0</nb_conversions>
				<revenue>0</revenue>
				<nb_visits_converted>0</nb_visits_converted>
			</row>
			<row idgoal='5'>
				<nb_conversions>0</nb_conversions>
				<revenue>0</revenue>
				<nb_visits_converted>0</nb_visits_converted>
			</row>
			<row idgoal='ecommerceOrder'>
				<nb_conversions>20</nb_conversions>
				<revenue>166986</revenue>
				<items>129</items>
			</row>
		</goals>
		<sum_daily_nb_uniq_visitors>59</sum_daily_nb_uniq_visitors>
		<segment>deviceType==tablet</segment>
		<logo>plugins/Morpheus/icons/dist/devices/tablet.png</logo>
	</row>
	<row>
		<label>Camera</label>
		<nb_visits>0</nb_visits>
		<segment>deviceType==camera</segment>
		<logo>plugins/Morpheus/icons/dist/devices/camera.png</logo>
	</row>
	<row>
		<label>Car browser</label>
		<nb_visits>0</nb_visits>
		<segment>deviceType==car+browser</segment>
		<logo>plugins/Morpheus/icons/dist/devices/car_browser.png</logo>
	</row>
	<row>
		<label>Console</label>
		<nb_visits>0</nb_visits>
		<segment>deviceType==console</segment>
		<logo>plugins/Morpheus/icons/dist/devices/console.png</logo>
	</row>
	<row>
		<label>Feature phone</label>
		<nb_visits>0</nb_visits>
		<segment>deviceType==feature+phone</segment>
		<logo>plugins/Morpheus/icons/dist/devices/feature_phone.png</logo>
	</row>
	<row>
		<label>Peripheral</label>
		<nb_visits>0</nb_visits>
		<segment>deviceType==peripheral</segment>
		<logo>plugins/Morpheus/icons/dist/devices/peripheral.png</logo>
	</row>
	<row>
		<label>Phablet</label>
		<nb_visits>0</nb_visits>
		<segment>deviceType==phablet</segment>
		<logo>plugins/Morpheus/icons/dist/devices/phablet.png</logo>
	</row>
	<row>
		<label>Portable media player</label>
		<nb_visits>0</nb_visits>
		<segment>deviceType==portable+media+player</segment>
		<logo>plugins/Morpheus/icons/dist/devices/portable_media_player.png</logo>
	</row>
	<row>
		<label>Smart display</label>
		<nb_visits>0</nb_visits>
		<segment>deviceType==smart+display</segment>
		<logo>plugins/Morpheus/icons/dist/devices/smart_display.png</logo>
	</row>
	<row>
		<label>Smart speaker</label>
		<nb_visits>0</nb_visits>
		<segment>deviceType==smart+speaker</segment>
		<logo>plugins/Morpheus/icons/dist/devices/smart_speaker.png</logo>
	</row>
	<row>
		<label>Tv</label>
		<nb_visits>0</nb_visits>
		<segment>deviceType==tv</segment>
		<logo>plugins/Morpheus/icons/dist/devices/tv.png</logo>
	</row>
	<row>
		<label>Wearable</label>
		<nb_visits>0</nb_visits>
		<segment>deviceType==wearable</segment>
		<logo>plugins/Morpheus/icons/dist/devices/wearable.png</logo>
	</row>
</result>