<?xml version="1.0" encoding="utf-8" ?>
<result>
	<row>
		<label>Unknown</label>
		<nb_visits>448</nb_visits>
		<nb_actions>1649</nb_actions>
		<sum_visit_length>19824</sum_visit_length>
		<bounce_count>111</bounce_count>
		<nb_visits_converted>104</nb_visits_converted>
		<nb_conversions>251</nb_conversions>
		<revenue>1420691</revenue>
		<goals>
			<row idgoal='1'>
				<nb_conversions>56</nb_conversions>
				<revenue>0</revenue>
				<nb_visits_converted>48</nb_visits_converted>
			</row>
			<row idgoal='2'>
				<nb_conversions>50</nb_conversions>
				<revenue>0</revenue>
				<nb_visits_converted>46</nb_visits_converted>
			</row>
			<row idgoal='3'>
				<nb_conversions>5</nb_conversions>
				<revenue>0</revenue>
				<nb_visits_converted>4</nb_visits_converted>
			</row>
			<row idgoal='4'>
				<nb_conversions>0</nb_conversions>
				<revenue>0</revenue>
				<nb_visits_converted>0</nb_visits_converted>
			</row>
			<row idgoal='5'>
				<nb_conversions>0</nb_conversions>
				<revenue>0</revenue>
				<nb_visits_converted>0</nb_visits_converted>
			</row>
			<row idgoal='ecommerceOrder'>
				<nb_conversions>140</nb_conversions>
				<revenue>1420691</revenue>
				<items>1029</items>
			</row>
		</goals>
		<sum_daily_nb_uniq_visitors>351</sum_daily_nb_uniq_visitors>
		<logo>plugins/Morpheus/icons/dist/os/UNK.png</logo>
	</row>
</result>