<?xml version="1.0" encoding="utf-8" ?>
<result>
	<row>
		<label>Europe</label>
		<nb_visits>275</nb_visits>
		<nb_actions>876</nb_actions>
		<sum_visit_length>18530</sum_visit_length>
		<bounce_count>88</bounce_count>
		<nb_visits_converted>67</nb_visits_converted>
		<nb_conversions>141</nb_conversions>
		<revenue>671508</revenue>
		<goals>
			<row idgoal='1'>
				<nb_conversions>36</nb_conversions>
				<revenue>0</revenue>
				<nb_visits_converted>34</nb_visits_converted>
			</row>
			<row idgoal='2'>
				<nb_conversions>29</nb_conversions>
				<revenue>0</revenue>
				<nb_visits_converted>25</nb_visits_converted>
			</row>
			<row idgoal='3'>
				<nb_conversions>7</nb_conversions>
				<revenue>0</revenue>
				<nb_visits_converted>5</nb_visits_converted>
			</row>
			<row idgoal='4'>
				<nb_conversions>0</nb_conversions>
				<revenue>0</revenue>
				<nb_visits_converted>0</nb_visits_converted>
			</row>
			<row idgoal='5'>
				<nb_conversions>0</nb_conversions>
				<revenue>0</revenue>
				<nb_visits_converted>0</nb_visits_converted>
			</row>
			<row idgoal='ecommerceOrder'>
				<nb_conversions>69</nb_conversions>
				<revenue>671508</revenue>
				<items>495</items>
			</row>
		</goals>
		<sum_daily_nb_uniq_visitors>214</sum_daily_nb_uniq_visitors>
		<max_actions>2</max_actions>
		<sum_daily_nb_users>0</sum_daily_nb_users>
		<code>Europe</code>
	</row>
	<row>
		<label>North America</label>
		<nb_visits>185</nb_visits>
		<nb_actions>677</nb_actions>
		<sum_visit_length>6473</sum_visit_length>
		<bounce_count>36</bounce_count>
		<nb_visits_converted>61</nb_visits_converted>
		<nb_conversions>125</nb_conversions>
		<revenue>516971</revenue>
		<goals>
			<row idgoal='1'>
				<nb_conversions>31</nb_conversions>
				<revenue>0</revenue>
				<nb_visits_converted>27</nb_visits_converted>
			</row>
			<row idgoal='2'>
				<nb_conversions>29</nb_conversions>
				<revenue>0</revenue>
				<nb_visits_converted>28</nb_visits_converted>
			</row>
			<row idgoal='3'>
				<nb_conversions>1</nb_conversions>
				<revenue>0</revenue>
				<nb_visits_converted>1</nb_visits_converted>
			</row>
			<row idgoal='4'>
				<nb_conversions>0</nb_conversions>
				<revenue>0</revenue>
				<nb_visits_converted>0</nb_visits_converted>
			</row>
			<row idgoal='5'>
				<nb_conversions>0</nb_conversions>
				<revenue>0</revenue>
				<nb_visits_converted>0</nb_visits_converted>
			</row>
			<row idgoal='ecommerceOrder'>
				<nb_conversions>64</nb_conversions>
				<revenue>516971</revenue>
				<items>407</items>
			</row>
		</goals>
		<sum_daily_nb_uniq_visitors>101</sum_daily_nb_uniq_visitors>
		<code>North America</code>
	</row>
	<row>
		<label>Asia</label>
		<nb_visits>157</nb_visits>
		<nb_actions>604</nb_actions>
		<sum_visit_length>4734</sum_visit_length>
		<bounce_count>35</bounce_count>
		<nb_visits_converted>50</nb_visits_converted>
		<nb_conversions>109</nb_conversions>
		<revenue>511932</revenue>
		<goals>
			<row idgoal='1'>
				<nb_conversions>30</nb_conversions>
				<revenue>0</revenue>
				<nb_visits_converted>28</nb_visits_converted>
			</row>
			<row idgoal='2'>
				<nb_conversions>21</nb_conversions>
				<revenue>0</revenue>
				<nb_visits_converted>20</nb_visits_converted>
			</row>
			<row idgoal='3'>
				<nb_conversions>0</nb_conversions>
				<revenue>0</revenue>
				<nb_visits_converted>0</nb_visits_converted>
			</row>
			<row idgoal='4'>
				<nb_conversions>0</nb_conversions>
				<revenue>0</revenue>
				<nb_visits_converted>0</nb_visits_converted>
			</row>
			<row idgoal='5'>
				<nb_conversions>0</nb_conversions>
				<revenue>0</revenue>
				<nb_visits_converted>0</nb_visits_converted>
			</row>
			<row idgoal='ecommerceOrder'>
				<nb_conversions>58</nb_conversions>
				<revenue>511932</revenue>
				<items>376</items>
			</row>
		</goals>
		<sum_daily_nb_uniq_visitors>119</sum_daily_nb_uniq_visitors>
		<code>Asia</code>
	</row>
	<row>
		<label>Unknown</label>
		<nb_visits>88</nb_visits>
		<nb_actions>300</nb_actions>
		<sum_visit_length>2076</sum_visit_length>
		<bounce_count>18</bounce_count>
		<nb_visits_converted>27</nb_visits_converted>
		<nb_conversions>56</nb_conversions>
		<revenue>254525</revenue>
		<goals>
			<row idgoal='1'>
				<nb_conversions>11</nb_conversions>
				<revenue>0</revenue>
				<nb_visits_converted>10</nb_visits_converted>
			</row>
			<row idgoal='2'>
				<nb_conversions>16</nb_conversions>
				<revenue>0</revenue>
				<nb_visits_converted>13</nb_visits_converted>
			</row>
			<row idgoal='3'>
				<nb_conversions>1</nb_conversions>
				<revenue>0</revenue>
				<nb_visits_converted>1</nb_visits_converted>
			</row>
			<row idgoal='4'>
				<nb_conversions>0</nb_conversions>
				<revenue>0</revenue>
				<nb_visits_converted>0</nb_visits_converted>
			</row>
			<row idgoal='5'>
				<nb_conversions>0</nb_conversions>
				<revenue>0</revenue>
				<nb_visits_converted>0</nb_visits_converted>
			</row>
			<row idgoal='ecommerceOrder'>
				<nb_conversions>28</nb_conversions>
				<revenue>254525</revenue>
				<items>185</items>
			</row>
		</goals>
		<sum_daily_nb_uniq_visitors>59</sum_daily_nb_uniq_visitors>
		<code>Unknown</code>
	</row>
	<row>
		<label>Africa</label>
		<nb_visits>4</nb_visits>
		<nb_actions>5</nb_actions>
		<sum_visit_length>1726</sum_visit_length>
		<bounce_count>3</bounce_count>
		<nb_visits_converted>1</nb_visits_converted>
		<nb_conversions>1</nb_conversions>
		<revenue>0</revenue>
		<goals>
			<row idgoal='1'>
				<nb_conversions>0</nb_conversions>
				<revenue>0</revenue>
				<nb_visits_converted>0</nb_visits_converted>
			</row>
			<row idgoal='2'>
				<nb_conversions>0</nb_conversions>
				<revenue>0</revenue>
				<nb_visits_converted>0</nb_visits_converted>
			</row>
			<row idgoal='3'>
				<nb_conversions>1</nb_conversions>
				<revenue>0</revenue>
				<nb_visits_converted>1</nb_visits_converted>
			</row>
			<row idgoal='4'>
				<nb_conversions>0</nb_conversions>
				<revenue>0</revenue>
				<nb_visits_converted>0</nb_visits_converted>
			</row>
			<row idgoal='5'>
				<nb_conversions>0</nb_conversions>
				<revenue>0</revenue>
				<nb_visits_converted>0</nb_visits_converted>
			</row>
			<row idgoal='ecommerceOrder'>
				<nb_conversions>0</nb_conversions>
				<revenue>0</revenue>
				<items>0</items>
			</row>
		</goals>
		<sum_daily_nb_uniq_visitors>4</sum_daily_nb_uniq_visitors>
		<code>Africa</code>
	</row>
</result>