<?xml version="1.0" encoding="utf-8" ?>
<result>
	<row>
		<label>Unknown</label>
		<nb_visits>708</nb_visits>
		<nb_actions>2460</nb_actions>
		<sum_visit_length>33417</sum_visit_length>
		<bounce_count>180</bounce_count>
		<nb_visits_converted>203</nb_visits_converted>
		<nb_conversions>431</nb_conversions>
		<revenue>1954936</revenue>
		<goals>
			<row idgoal='1'>
				<nb_conversions>108</nb_conversions>
				<revenue>0</revenue>
				<nb_visits_converted>96</nb_visits_converted>
			</row>
			<row idgoal='2'>
				<nb_conversions>94</nb_conversions>
				<revenue>0</revenue>
				<nb_visits_converted>85</nb_visits_converted>
			</row>
			<row idgoal='3'>
				<nb_conversions>10</nb_conversions>
				<revenue>0</revenue>
				<nb_visits_converted>8</nb_visits_converted>
			</row>
			<row idgoal='4'>
				<nb_conversions>0</nb_conversions>
				<revenue>0</revenue>
				<nb_visits_converted>0</nb_visits_converted>
			</row>
			<row idgoal='5'>
				<nb_conversions>0</nb_conversions>
				<revenue>0</revenue>
				<nb_visits_converted>0</nb_visits_converted>
			</row>
			<row idgoal='ecommerceOrder'>
				<nb_conversions>219</nb_conversions>
				<revenue>1954936</revenue>
				<items>1463</items>
			</row>
		</goals>
		<sum_daily_nb_uniq_visitors>541</sum_daily_nb_uniq_visitors>
		<logo>plugins/Morpheus/icons/dist/os/UNK.png</logo>
	</row>
	<row>
		<label>Windows XP</label>
		<nb_visits>1</nb_visits>
		<nb_actions>2</nb_actions>
		<max_actions>2</max_actions>
		<sum_visit_length>122</sum_visit_length>
		<bounce_count>0</bounce_count>
		<nb_visits_converted>1</nb_visits_converted>
		<sum_daily_nb_uniq_visitors>1</sum_daily_nb_uniq_visitors>
		<sum_daily_nb_users>0</sum_daily_nb_users>
		<segment>operatingSystemCode==WIN;operatingSystemVersion==XP</segment>
		<logo>plugins/Morpheus/icons/dist/os/WIN.png</logo>
	</row>
</result>